ca65 V2.19 - Git 3caceb8
Main file   : .\demo_fin.s
Current file: .\demo_fin.s

000000r 1               
000000r 1               ;*******************************
000000r 1               ;* The KIM-1 is 50 Demo \0/    *
000000r 1               ;*                             *
000000r 1               ;* coded by netzherpes in 2025 *
000000r 1               ;*******************************
000000r 1               
000000r 1               
000000r 1               
000000r 1               ; Konstanten
000000r 1               
000000r 1               CHOUT   = $1EA0		    ; KIM-1 ROM Routine für Zeichenausgabe
000000r 1               GETCH   = $1E5A	        ; KIM-1 ROUTINE for input
000000r 1               DATAPTR = $00           ; Zero Page Pointer (Low Byte)
000000r 1               DATAPTH = $01           ; Zero Page Pointer (High Byte)
000000r 1               counter = $06
000000r 1               tmp 	= $10
000000r 1               
000000r 1               ; Zero Page Variablen TEIL 2
000000r 1               STAR0     = $30      ; Stern 0: Dir, X, Y, OldX, OldY (5 Bytes)
000000r 1               STAR1     = $35      ; Stern 1: Dir, X, Y, OldX, OldY (5 Bytes)
000000r 1               STAR2     = $3A      ; Stern 2: Dir, X, Y, OldX, OldY (5 Bytes)
000000r 1               STAR3     = $3F      ; Stern 3: Dir, X, Y, OldX, OldY (5 Bytes)
000000r 1               STAR4     = $44      ; Stern 4: Dir, X, Y, OldX, OldY (5 Bytes)
000000r 1               RNDVAL    = $49      ; Zufallswert
000000r 1               CURX      = $4A      ; Aktuelle X-Position für GOTOXY
000000r 1               CURY      = $4B      ; Aktuelle Y-Position für GOTOXY
000000r 1               TEMP      = $4C      ; Temporär
000000r 1               STARPTR   = $4D      ; Zeiger auf aktuellen Stern
000000r 1               
000000r 1               ; Konstanten
000000r 1               CENTERX   = 40
000000r 1               CENTERY   = 12
000000r 1               STAR_CHR  = $2A      ; ASCII '*'
000000r 1               SPACE_CHR = $20      ; ASCII ' '
000000r 1               
000000r 1               ; Stern-Struktur
000000r 1               DIR_OFF   = 0        ; Richtung
000000r 1               X_OFF     = 1        ; X-Position
000000r 1               Y_OFF     = 2        ; Y-Position
000000r 1               OLDX_OFF  = 3        ; Alte X-Position
000000r 1               OLDY_OFF  = 4        ; Alte Y-Position
000000r 1               
000000r 1               .ORG $2000
002000  1               
002000  1  A9 0A        INIT:   LDA #10
002002  1  85 06        		STA counter	; Repeat the KIM-flash 10 times
002004  1               START:
002004  1                       ; Initialisiere Zeiger auf ASCII-Daten
002004  1  A9 E8                LDA #<ASCIIDATA     ; Low Byte der Datenadresse
002006  1  85 00                STA DATAPTR
002008  1  A9 23                LDA #>ASCIIDATA     ; High Byte der Datenadresse
00200A  1  85 01                STA DATAPTH
00200C  1               
00200C  1               LOOP:
00200C  1                       ; Lade nächstes Zeichen
00200C  1  A0 00                LDY #$00
00200E  1  B1 00                LDA (DATAPTR),Y
002010  1               
002010  1                       ; Prüfe auf String-Ende (Null-Byte)
002010  1  F0 0C                BEQ START1
002012  1               
002012  1                       ; Gebe Zeichen aus
002012  1  20 A0 1E             JSR CHOUT
002015  1               		; Inkrementiere Zeiger
002015  1  E6 00                INC DATAPTR
002017  1  D0 F3                BNE LOOP            ; Wenn Low Byte nicht übergelaufen
002019  1  E6 01                INC DATAPTH         ; Inkrementiere High Byte bei Überlauf
00201B  1  4C 0C 20             JMP LOOP
00201E  1               START1:
00201E  1                       ; Initialisiere Zeiger auf ASCII-Daten
00201E  1  A9 17                LDA #<ANSIDATA     ; Low Byte der Datenadresse
002020  1  85 00                STA DATAPTR
002022  1  A9 23                LDA #>ANSIDATA     ; High Byte der Datenadresse
002024  1  85 01                STA DATAPTH
002026  1               
002026  1               LOOP1:
002026  1                       ; Lade nächstes Zeichen
002026  1  A0 00                LDY #$00
002028  1  B1 00                LDA (DATAPTR),Y
00202A  1               
00202A  1                       ; Prüfe auf String-Ende (Null-Byte)
00202A  1  F0 1B                BEQ DONE1
00202C  1               
00202C  1                       ; Gebe Zeichen aus
00202C  1  20 A0 1E             JSR CHOUT
00202F  1               
00202F  1  85 10        		STA tmp
002031  1  A9 FF        		LDA #$FF
002033  1  85 11        		STA tmp+1
002035  1  C6 11        RLY1:   DEC tmp+1
002037  1  EA           		nop
002038  1  A5 11        		LDA tmp+1
00203A  1  D0 F9        		BNE RLY1
00203C  1  A5 10        		LDA tmp
00203E  1               
00203E  1               		; Inkrementiere Zeiger
00203E  1  E6 00                INC DATAPTR
002040  1  D0 E4                BNE LOOP1            ; Wenn Low Byte nicht übergelaufen
002042  1  E6 01                INC DATAPTH         ; Inkrementiere High Byte bei Überlauf
002044  1  4C 26 20             JMP LOOP1
002047  1               
002047  1               DONE1:
002047  1                       ; Programm part 1 beenden - now the greetings
002047  1  C6 06                DEC counter
002049  1  A5 06        		LDA counter
00204B  1  F0 03        		BEQ FINI
00204D  1  4C 1E 20     		jmp START1
002050  1               FINI:
002050  1  A9 47        		LDA #<GREET     ; Low Byte der Datenadresse
002052  1  85 00                STA DATAPTR
002054  1  A9 28                LDA #>GREET     ; High Byte der Datenadresse
002056  1  85 01                STA DATAPTH
002058  1               LOOP3:
002058  1                       ; Lade nächstes Zeichen
002058  1  A0 00                LDY #$00
00205A  1  B1 00                LDA (DATAPTR),Y
00205C  1               
00205C  1                       ; Prüfe auf String-Ende (Null-Byte)
00205C  1  F0 0C                BEQ END
00205E  1               
00205E  1                       ; Gebe Zeichen aus
00205E  1  20 A0 1E             JSR CHOUT
002061  1               		; Inkrementiere Zeiger
002061  1  E6 00                INC DATAPTR
002063  1  D0 F3                BNE LOOP3            ; Wenn Low Byte nicht übergelaufen
002065  1  E6 01                INC DATAPTH         ; Inkrementiere High Byte bei Überlauf
002067  1  4C 58 20             JMP LOOP3
00206A  1               
00206A  1               END:
00206A  1  20 5A 1E     		JSR GETCH
00206D  1  C9 20        		CMP #$20
00206F  1  D0 F9        		BNE END
002071  1  4C 74 20     		jmp STERN		; insert next part here....
002074  1               
002074  1               ; Let thew show begin!
002074  1               ; First the animation
002074  1               
002074  1  20 02 23     STERN:   JSR CLEARSCR  ; Bildschirm löschen
002077  1               
002077  1  A9 A5                  LDA #$A5      ; Seed für Zufallsgenerator
002079  1  85 49                  STA RNDVAL
00207B  1               
00207B  1                         ; Alle 5 Sterne initialisieren
00207B  1  A9 30                  LDA #STAR0
00207D  1  20 B5 20               JSR INITSTAR
002080  1  A9 35                  LDA #STAR1
002082  1  20 B5 20               JSR INITSTAR
002085  1  A9 3A                  LDA #STAR2
002087  1  20 B5 20               JSR INITSTAR
00208A  1  A9 3F                  LDA #STAR3
00208C  1  20 B5 20               JSR INITSTAR
00208F  1  A9 44                  LDA #STAR4
002091  1  20 B5 20               JSR INITSTAR
002094  1               
002094  1               MAINLOOP:
002094  1                         ; Verzögerung
002094  1  A2 80                  LDX #$80
002096  1  CA           DELAY1:   DEX
002097  1  D0 FD                  BNE DELAY1
002099  1               
002099  1                         ; Alle 5 Sterne bewegen
002099  1  A9 30                  LDA #STAR0
00209B  1  20 D0 20               JSR MOVESTAR
00209E  1  A9 35                  LDA #STAR1
0020A0  1  20 D0 20               JSR MOVESTAR
0020A3  1  A9 3A                  LDA #STAR2
0020A5  1  20 D0 20               JSR MOVESTAR
0020A8  1  A9 3F                  LDA #STAR3
0020AA  1  20 D0 20               JSR MOVESTAR
0020AD  1  A9 44                  LDA #STAR4
0020AF  1  20 D0 20               JSR MOVESTAR
0020B2  1               
0020B2  1  4C 94 20               JMP MAINLOOP
0020B5  1               
0020B5  1               ; Stern initialisieren
0020B5  1               ; A = Adresse des Sterns
0020B5  1               INITSTAR:
0020B5  1  85 4D                  STA STARPTR
0020B7  1  A6 4D                  LDX STARPTR
0020B9  1               
0020B9  1                         ; Zufällige Richtung (1-16)
0020B9  1  20 AC 22               JSR RANDOM
0020BC  1  18                     CLC
0020BD  1  69 01                  ADC #1
0020BF  1  95 00                  STA DIR_OFF,X
0020C1  1               
0020C1  1                         ; Position in Mitte
0020C1  1  A9 28                  LDA #CENTERX
0020C3  1  95 01                  STA X_OFF,X
0020C5  1  A9 0C                  LDA #CENTERY
0020C7  1  95 02                  STA Y_OFF,X
0020C9  1               
0020C9  1                         ; Alte Position = aktuelle Position
0020C9  1  95 04                  STA OLDY_OFF,X
0020CB  1  A9 28                  LDA #CENTERX
0020CD  1  95 03                  STA OLDX_OFF,X
0020CF  1               
0020CF  1  60                     RTS
0020D0  1               
0020D0  1               ; Stern bewegen
0020D0  1               ; A = Adresse des Sterns
0020D0  1               MOVESTAR:
0020D0  1  85 4D                  STA STARPTR
0020D2  1  A6 4D                  LDX STARPTR
0020D4  1               
0020D4  1                         ; Alte Position speichern
0020D4  1  B5 01                  LDA X_OFF,X
0020D6  1  95 03                  STA OLDX_OFF,X
0020D8  1  B5 02                  LDA Y_OFF,X
0020DA  1  95 04                  STA OLDY_OFF,X
0020DC  1               
0020DC  1                         ; Richtung laden und bewegen
0020DC  1  B5 00                  LDA DIR_OFF,X
0020DE  1  85 4C                  STA TEMP
0020E0  1               
0020E0  1  A5 4C                  LDA TEMP
0020E2  1  C9 01                  CMP #1
0020E4  1  D0 03                  BNE CHK2
0020E6  1  4C 4E 21               JMP DIR1
0020E9  1  C9 02        CHK2:     CMP #2
0020EB  1  D0 03                  BNE CHK3
0020ED  1  4C 5A 21               JMP DIR2
0020F0  1  C9 03        CHK3:     CMP #3
0020F2  1  D0 03                  BNE CHK4
0020F4  1  4C 66 21               JMP DIR3
0020F7  1  C9 04        CHK4:     CMP #4
0020F9  1  D0 03                  BNE CHK5
0020FB  1  4C 72 21               JMP DIR4
0020FE  1  C9 05        CHK5:     CMP #5
002100  1  D0 03                  BNE CHK6
002102  1  4C 7E 21               JMP DIR5
002105  1  C9 06        CHK6:     CMP #6
002107  1  D0 03                  BNE CHK7
002109  1  4C 91 21               JMP DIR6
00210C  1  C9 07        CHK7:     CMP #7
00210E  1  D0 03                  BNE CHK8
002110  1  4C A4 21               JMP DIR7
002113  1  C9 08        CHK8:     CMP #8
002115  1  D0 03                  BNE CHK9
002117  1  4C B7 21               JMP DIR8
00211A  1  C9 09        CHK9:     CMP #9
00211C  1  D0 03                  BNE CHK10
00211E  1  4C CA 21               JMP DIR9
002121  1  C9 0A        CHK10:    CMP #10
002123  1  D0 03                  BNE CHK11
002125  1  4C DD 21               JMP DIR10
002128  1  C9 0B        CHK11:    CMP #11
00212A  1  D0 03                  BNE CHK12
00212C  1  4C F0 21               JMP DIR11
00212F  1  C9 0C        CHK12:    CMP #12
002131  1  D0 03                  BNE CHK13
002133  1  4C 03 22               JMP DIR12
002136  1  C9 0D        CHK13:    CMP #13
002138  1  D0 03                  BNE CHK14
00213A  1  4C 16 22               JMP DIR13
00213D  1  C9 0E        CHK14:    CMP #14
00213F  1  D0 03                  BNE CHK15
002141  1  4C 29 22               JMP DIR14
002144  1  C9 0F        CHK15:    CMP #15
002146  1  D0 03                  BNE CHK16
002148  1  4C 3C 22               JMP DIR15
00214B  1  4C 4F 22     CHK16:    JMP DIR16
00214E  1               
00214E  1               DIR1:     ; Zwei nach links
00214E  1  A6 4D                  LDX STARPTR
002150  1  B5 01                  LDA X_OFF,X
002152  1  38                     SEC
002153  1  E9 02                  SBC #2
002155  1  95 01                  STA X_OFF,X
002157  1  4C 5F 22               JMP CHECKMOVE
00215A  1               
00215A  1               DIR2:     ; Zwei nach rechts
00215A  1  A6 4D                  LDX STARPTR
00215C  1  B5 01                  LDA X_OFF,X
00215E  1  18                     CLC
00215F  1  69 02                  ADC #2
002161  1  95 01                  STA X_OFF,X
002163  1  4C 5F 22               JMP CHECKMOVE
002166  1               
002166  1               DIR3:     ; Eins nach oben
002166  1  A6 4D                  LDX STARPTR
002168  1  B5 02                  LDA Y_OFF,X
00216A  1  38                     SEC
00216B  1  E9 01                  SBC #1
00216D  1  95 02                  STA Y_OFF,X
00216F  1  4C 5F 22               JMP CHECKMOVE
002172  1               
002172  1               DIR4:     ; Eins nach unten
002172  1  A6 4D                  LDX STARPTR
002174  1  B5 02                  LDA Y_OFF,X
002176  1  18                     CLC
002177  1  69 01                  ADC #1
002179  1  95 02                  STA Y_OFF,X
00217B  1  4C 5F 22               JMP CHECKMOVE
00217E  1               
00217E  1               DIR5:     ; Zwei rechts, eins oben
00217E  1  A6 4D                  LDX STARPTR
002180  1  B5 01                  LDA X_OFF,X
002182  1  18                     CLC
002183  1  69 02                  ADC #2
002185  1  95 01                  STA X_OFF,X
002187  1  B5 02                  LDA Y_OFF,X
002189  1  38                     SEC
00218A  1  E9 01                  SBC #1
00218C  1  95 02                  STA Y_OFF,X
00218E  1  4C 5F 22               JMP CHECKMOVE
002191  1               
002191  1               DIR6:     ; Eins rechts, zwei oben
002191  1  A6 4D                  LDX STARPTR
002193  1  B5 01                  LDA X_OFF,X
002195  1  18                     CLC
002196  1  69 01                  ADC #1
002198  1  95 01                  STA X_OFF,X
00219A  1  B5 02                  LDA Y_OFF,X
00219C  1  38                     SEC
00219D  1  E9 02                  SBC #2
00219F  1  95 02                  STA Y_OFF,X
0021A1  1  4C 5F 22               JMP CHECKMOVE
0021A4  1               
0021A4  1               DIR7:     ; Eins rechts, zwei unten
0021A4  1  A6 4D                  LDX STARPTR
0021A6  1  B5 01                  LDA X_OFF,X
0021A8  1  18                     CLC
0021A9  1  69 01                  ADC #1
0021AB  1  95 01                  STA X_OFF,X
0021AD  1  B5 02                  LDA Y_OFF,X
0021AF  1  18                     CLC
0021B0  1  69 02                  ADC #2
0021B2  1  95 02                  STA Y_OFF,X
0021B4  1  4C 5F 22               JMP CHECKMOVE
0021B7  1               
0021B7  1               DIR8:     ; Zwei rechts, eins unten
0021B7  1  A6 4D                  LDX STARPTR
0021B9  1  B5 01                  LDA X_OFF,X
0021BB  1  18                     CLC
0021BC  1  69 02                  ADC #2
0021BE  1  95 01                  STA X_OFF,X
0021C0  1  B5 02                  LDA Y_OFF,X
0021C2  1  18                     CLC
0021C3  1  69 01                  ADC #1
0021C5  1  95 02                  STA Y_OFF,X
0021C7  1  4C 5F 22               JMP CHECKMOVE
0021CA  1               
0021CA  1               DIR9:     ; Eins links, zwei oben
0021CA  1  A6 4D                  LDX STARPTR
0021CC  1  B5 01                  LDA X_OFF,X
0021CE  1  38                     SEC
0021CF  1  E9 01                  SBC #1
0021D1  1  95 01                  STA X_OFF,X
0021D3  1  B5 02                  LDA Y_OFF,X
0021D5  1  38                     SEC
0021D6  1  E9 02                  SBC #2
0021D8  1  95 02                  STA Y_OFF,X
0021DA  1  4C 5F 22               JMP CHECKMOVE
0021DD  1               
0021DD  1               DIR10:    ; Zwei links, eins unten
0021DD  1  A6 4D                  LDX STARPTR
0021DF  1  B5 01                  LDA X_OFF,X
0021E1  1  38                     SEC
0021E2  1  E9 02                  SBC #2
0021E4  1  95 01                  STA X_OFF,X
0021E6  1  B5 02                  LDA Y_OFF,X
0021E8  1  18                     CLC
0021E9  1  69 01                  ADC #1
0021EB  1  95 02                  STA Y_OFF,X
0021ED  1  4C 5F 22               JMP CHECKMOVE
0021F0  1               
0021F0  1               DIR11:    ; Eins links, ein unten
0021F0  1  A6 4D                  LDX STARPTR
0021F2  1  B5 01                  LDA X_OFF,X
0021F4  1  38                     SEC
0021F5  1  E9 01                  SBC #1
0021F7  1  95 01                  STA X_OFF,X
0021F9  1  B5 02                  LDA Y_OFF,X
0021FB  1  18                     CLC
0021FC  1  69 01                  ADC #1
0021FE  1  95 02                  STA Y_OFF,X
002200  1  4C 5F 22               JMP CHECKMOVE
002203  1               
002203  1               DIR12:    ; Zwei links, eins oben
002203  1  A6 4D                  LDX STARPTR
002205  1  B5 01                  LDA X_OFF,X
002207  1  38                     SEC
002208  1  E9 02                  SBC #2
00220A  1  95 01                  STA X_OFF,X
00220C  1  B5 02                  LDA Y_OFF,X
00220E  1  38                     SEC
00220F  1  E9 01                  SBC #1
002211  1  95 02                  STA Y_OFF,X
002213  1  4C 5F 22               JMP CHECKMOVE
002216  1               
002216  1               DIR13:    ; Vier rechts, eins oben
002216  1  A6 4D                  LDX STARPTR
002218  1  B5 01                  LDA X_OFF,X
00221A  1  18                     CLC
00221B  1  69 04                  ADC #4
00221D  1  95 01                  STA X_OFF,X
00221F  1  B5 02                  LDA Y_OFF,X
002221  1  38                     SEC
002222  1  E9 01                  SBC #1
002224  1  95 02                  STA Y_OFF,X
002226  1  4C 5F 22               JMP CHECKMOVE
002229  1               
002229  1               DIR14:    ; Vier rechts, eins unten
002229  1  A6 4D                  LDX STARPTR
00222B  1  B5 01                  LDA X_OFF,X
00222D  1  18                     CLC
00222E  1  69 04                  ADC #4
002230  1  95 01                  STA X_OFF,X
002232  1  B5 02                  LDA Y_OFF,X
002234  1  18                     CLC
002235  1  69 01                  ADC #1
002237  1  95 02                  STA Y_OFF,X
002239  1  4C 5F 22               JMP CHECKMOVE
00223C  1               
00223C  1               DIR15:    ; Vier links, eins oben
00223C  1  A6 4D                  LDX STARPTR
00223E  1  B5 01                  LDA X_OFF,X
002240  1  38                     SEC
002241  1  E9 04                  SBC #4
002243  1  95 01                  STA X_OFF,X
002245  1  B5 02                  LDA Y_OFF,X
002247  1  38                     SEC
002248  1  E9 01                  SBC #1
00224A  1  95 02                  STA Y_OFF,X
00224C  1  4C 5F 22               JMP CHECKMOVE
00224F  1               
00224F  1               DIR16:    ; Vier links, eins unten
00224F  1  A6 4D                  LDX STARPTR
002251  1  B5 01                  LDA X_OFF,X
002253  1  38                     SEC
002254  1  E9 04                  SBC #4
002256  1  95 01                  STA X_OFF,X
002258  1  B5 02                  LDA Y_OFF,X
00225A  1  18                     CLC
00225B  1  69 01                  ADC #1
00225D  1  95 02                  STA Y_OFF,X
00225F  1               
00225F  1               CHECKMOVE:
00225F  1                         ; Prüfen ob außerhalb des Bildschirms
00225F  1  A6 4D                  LDX STARPTR
002261  1  B5 01                  LDA X_OFF,X
002263  1  F0 2F                  BEQ RESTART   ; X=0
002265  1  C9 50                  CMP #80
002267  1  B0 2B                  BCS RESTART   ; X>=80
002269  1  B5 02                  LDA Y_OFF,X
00226B  1  F0 27                  BEQ RESTART   ; Y=0
00226D  1  C9 19                  CMP #25
00226F  1  B0 23                  BCS RESTART   ; Y>=25
002271  1               
002271  1                         ; Alte Position löschen
002271  1  B5 03                  LDA OLDX_OFF,X
002273  1  85 4A                  STA CURX
002275  1  B5 04                  LDA OLDY_OFF,X
002277  1  85 4B                  STA CURY
002279  1  20 BA 22               JSR GOTOXY
00227C  1  A9 20                  LDA #SPACE_CHR
00227E  1  20 A0 1E               JSR CHOUT
002281  1               
002281  1                         ; Neue Position zeichnen
002281  1  A6 4D                  LDX STARPTR
002283  1  B5 01                  LDA X_OFF,X
002285  1  85 4A                  STA CURX
002287  1  B5 02                  LDA Y_OFF,X
002289  1  85 4B                  STA CURY
00228B  1  20 BA 22               JSR GOTOXY
00228E  1  A9 2A                  LDA #STAR_CHR
002290  1  20 A0 1E               JSR CHOUT
002293  1  60                     RTS
002294  1               
002294  1               RESTART:
002294  1                         ; Alte Position löschen bevor Stern neu startet
002294  1  A6 4D                  LDX STARPTR
002296  1  B5 03                  LDA OLDX_OFF,X
002298  1  85 4A                  STA CURX
00229A  1  B5 04                  LDA OLDY_OFF,X
00229C  1  85 4B                  STA CURY
00229E  1  20 BA 22               JSR GOTOXY
0022A1  1  A9 20                  LDA #SPACE_CHR
0022A3  1  20 A0 1E               JSR CHOUT
0022A6  1               
0022A6  1                         ; Stern neu starten
0022A6  1  A5 4D                  LDA STARPTR
0022A8  1  20 B5 20               JSR INITSTAR
0022AB  1  60                     RTS
0022AC  1               
0022AC  1               ; Zufallszahl 0-15 erzeugen
0022AC  1               ; Ergebnis in A-Register
0022AC  1               RANDOM:
0022AC  1  A5 49                  LDA RNDVAL
0022AE  1  0A                     ASL           ; Bit 7 ins Carry
0022AF  1  90 02                  BCC RAND1
0022B1  1  49 1D                  EOR #$1D      ; Polynom für 8-bit LFSR
0022B3  1  85 49        RAND1:    STA RNDVAL
0022B5  1               
0022B5  1                         ; Jetzt auf 0-15 reduzieren durch Rechtsshift
0022B5  1  4A                     LSR           ; Shift right
0022B6  1  4A                     LSR           ; Shift right
0022B7  1  4A                     LSR           ; Shift right
0022B8  1  4A                     LSR           ; Shift right
0022B9  1                         ; A enthält jetzt 0-15
0022B9  1  60                     RTS
0022BA  1               
0022BA  1               ; ANSI Cursor positionieren (Row ; Col)
0022BA  1               GOTOXY:
0022BA  1  A9 1B                  LDA #$1B      ; ESC
0022BC  1  20 A0 1E               JSR CHOUT
0022BF  1  A9 5B                  LDA #$5B      ; '['
0022C1  1  20 A0 1E               JSR CHOUT
0022C4  1               
0022C4  1  A5 4B                  LDA CURY      ; Row zuerst
0022C6  1  20 D9 22               JSR PUTDEC
0022C9  1               
0022C9  1  A9 3B                  LDA #$3B      ; ';'
0022CB  1  20 A0 1E               JSR CHOUT
0022CE  1               
0022CE  1  A5 4A                  LDA CURX      ; Column danach
0022D0  1  20 D9 22               JSR PUTDEC
0022D3  1               
0022D3  1  A9 48                  LDA #$48      ; 'H'
0022D5  1  20 A0 1E               JSR CHOUT
0022D8  1  60                     RTS
0022D9  1               
0022D9  1               ; Dezimalzahl ausgeben (A-Register, 0-99)
0022D9  1               ; Benutzt TEMP als temporäre Variable
0022D9  1               PUTDEC:
0022D9  1  85 4C                  STA TEMP      ; Wert sichern
0022DB  1  A0 00                  LDY #0        ; Zehner-Zähler
0022DD  1               
0022DD  1  C9 0A        PUTDEC_T: CMP #10
0022DF  1  B0 03                  BCS PUTDEC_S  ; >= 10
0022E1  1  4C EB 22               JMP PUTDEC_D
0022E4  1  38           PUTDEC_S: SEC
0022E5  1  E9 0A                  SBC #10
0022E7  1  C8                     INY
0022E8  1  4C DD 22               JMP PUTDEC_T
0022EB  1               
0022EB  1               PUTDEC_D: ; A enthält Einer
0022EB  1  AA                     TAX           ; Einer nach X retten
0022EC  1               
0022EC  1  98                     TYA           ; Zehner
0022ED  1  D0 03                  BNE PUTDEC_Z  ; Wenn nicht 0
0022EF  1  4C F8 22               JMP PUTDEC1
0022F2  1  18           PUTDEC_Z: CLC
0022F3  1  69 30                  ADC #$30      ; In ASCII umwandeln
0022F5  1  20 A0 1E               JSR CHOUT
0022F8  1               
0022F8  1  8A           PUTDEC1:  TXA           ; Einer zurück
0022F9  1  18                     CLC
0022FA  1  69 30                  ADC #$30      ; In ASCII umwandeln
0022FC  1  20 A0 1E               JSR CHOUT
0022FF  1               
0022FF  1  A5 4C                  LDA TEMP      ; Original wiederherstellen
002301  1  60                     RTS
002302  1               
002302  1               ; Bildschirm löschen (ANSI)
002302  1               CLEARSCR:
002302  1  A9 1B                  LDA #$1B      ; ESC
002304  1  20 A0 1E               JSR CHOUT
002307  1  A9 5B                  LDA #$5B      ; '['
002309  1  20 A0 1E               JSR CHOUT
00230C  1  A9 32                  LDA #$32      ; '2'
00230E  1  20 A0 1E               JSR CHOUT
002311  1  A9 4A                  LDA #$4A      ; 'J'
002313  1  20 A0 1E               JSR CHOUT
002316  1  60                     RTS
002317  1               
002317  1               
002317  1               
002317  1               
002317  1               
002317  1               ANSIDATA:
002317  1               
002317  1               ; positionieren
002317  1               
002317  1  1B 5B 31 33  	    .BYTE $1B, "[13;20H"    ; Position Y=12, X=20
00231B  1  3B 32 30 48  
00231F  1               
00231F  1               ; Sequenz 1: Weißer, blinkender Text
00231F  1  1B 5B 33 37          .BYTE $1B, "[37m"   ; Hell, blink, weiß
002323  1  6D           
002324  1  2A 2A 2A 20          .BYTE "*** 50 YEARS KIM-1 ***"
002328  1  35 30 20 59  
00232C  1  45 41 52 53  
00233A  1               
00233A  1               ; Pause durch Spaces (für Timing)
00233A  1  20 20 20 20          .BYTE "                "  ; 16 Leerzeichen
00233E  1  20 20 20 20  
002342  1  20 20 20 20  
00234A  1               
00234A  1               ; Zurück zur Position
00234A  1  1B 5B 31 33          .BYTE $1B, "[13;20H"
00234E  1  3B 32 30 48  
002352  1               
002352  1               ; Sequenz 2: Hellblauer, blinkender Text
002352  1  1B 5B 33 36          .BYTE $1B, "[36m"   ; Hell, blink, hellblau (bright cyan)
002356  1  6D           
002357  1  2A 2A 2A 20          .BYTE "*** 50 YEARS KIM-1 ***"
00235B  1  35 30 20 59  
00235F  1  45 41 52 53  
00236D  1  20 20 20 20          .BYTE "                "
002371  1  20 20 20 20  
002375  1  20 20 20 20  
00237D  1               
00237D  1               ; Zurück zur Position
00237D  1  1B 5B 31 33          .BYTE $1B, "[13;20H"
002381  1  3B 32 30 48  
002385  1               
002385  1               ; Sequenz 3: Dunkelblauer, blinkender Text
002385  1  1B 5B 33 34          .BYTE $1B, "[34m"   ; Hell, blink, blau
002389  1  6D           
00238A  1  2A 2A 2A 20          .BYTE "*** 50 YEARS KIM-1 ***"
00238E  1  35 30 20 59  
002392  1  45 41 52 53  
0023A0  1  20 20 20 20          .BYTE "                "
0023A4  1  20 20 20 20  
0023A8  1  20 20 20 20  
0023B0  1               
0023B0  1               ; Zurück zur Position
0023B0  1  1B 5B 31 33          .BYTE $1B, "[13;20H"
0023B4  1  3B 32 30 48  
0023B8  1               
0023B8  1               ; Sequenz 4: Schwarzer Text (unsichtbar)
0023B8  1  1B 5B 33 30          .BYTE $1B, "[30m"   ; Hell, blink, schwarz
0023BC  1  6D           
0023BD  1  2A 2A 2A 20          .BYTE "*** 50 YEARS KIM-1 ***"
0023C1  1  35 30 20 59  
0023C5  1  45 41 52 53  
0023D3  1  20 20 20 20          .BYTE "                "
0023D7  1  20 20 20 20  
0023DB  1  20 20 20 20  
0023E3  1  1B 5B 30 6D          .BYTE $1B, "[0m"
0023E7  1               ; Attribute zurücksetzen
0023E7  1  00                   .BYTE $00               ; String-Terminator
0023E8  1               
0023E8  1               ; Now the BG picture
0023E8  1               ; tadaaaaa
0023E8  1               
0023E8  1               ASCIIDATA:
0023E8  1  1B 5B 48     		.BYTE $1B, "[H"         ; Position home
0023EB  1  1B 5B 3F 32  		.BYTE $1B, "[?25l"      ; cursor off
0023EF  1  35 6C        
0023F1  1  1B 5B 32 4A          .BYTE $1B, "[2J"        ; Clear screen
0023F5  1  20                   .byte $20
0023F6  1  58                   .byte $58
0023F7  1  58                   .byte $58
0023F8  1  58                   .byte $58
0023F9  1  58                   .byte $58
0023FA  1  58                   .byte $58
0023FB  1  20                   .byte $20
0023FC  1  58                   .byte $58
0023FD  1  58                   .byte $58
0023FE  1  58                   .byte $58
0023FF  1  20                   .byte $20
002400  1  20                   .byte $20
002401  1  20                   .byte $20
002402  1  58                   .byte $58
002403  1  58                   .byte $58
002404  1  58                   .byte $58
002405  1  20                   .byte $20
002406  1  20                   .byte $20
002407  1  20                   .byte $20
002408  1  20                   .byte $20
002409  1  20                   .byte $20
00240A  1  20                   .byte $20
00240B  1  20                   .byte $20
00240C  1  20                   .byte $20
00240D  1  20                   .byte $20
00240E  1  20                   .byte $20
00240F  1  58                   .byte $58
002410  1  58                   .byte $58
002411  1  58                   .byte $58
002412  1  58                   .byte $58
002413  1  58                   .byte $58
002414  1  58                   .byte $58
002415  1  20                   .byte $20
002416  1  20                   .byte $20
002417  1  20                   .byte $20
002418  1  20                   .byte $20
002419  1  20                   .byte $20
00241A  1  20                   .byte $20
00241B  1  20                   .byte $20
00241C  1  20                   .byte $20
00241D  1  20                   .byte $20
00241E  1  20                   .byte $20
00241F  1  20                   .byte $20
002420  1  58                   .byte $58
002421  1  58                   .byte $58
002422  1  58                   .byte $58
002423  1  58                   .byte $58
002424  1  58                   .byte $58
002425  1  58                   .byte $58
002426  1  58                   .byte $58
002427  1  58                   .byte $58
002428  1  58                   .byte $58
002429  1  58                   .byte $58
00242A  1  58                   .byte $58
00242B  1  58                   .byte $58
00242C  1  0D                   .byte $0D
00242D  1  0A                   .byte $0A
00242E  1  20                   .byte $20
00242F  1  58                   .byte $58
002430  1  58                   .byte $58
002431  1  58                   .byte $58
002432  1  58                   .byte $58
002433  1  58                   .byte $58
002434  1  20                   .byte $20
002435  1  58                   .byte $58
002436  1  58                   .byte $58
002437  1  58                   .byte $58
002438  1  58                   .byte $58
002439  1  58                   .byte $58
00243A  1  20                   .byte $20
00243B  1  58                   .byte $58
00243C  1  58                   .byte $58
00243D  1  58                   .byte $58
00243E  1  58                   .byte $58
00243F  1  58                   .byte $58
002440  1  20                   .byte $20
002441  1  20                   .byte $20
002442  1  20                   .byte $20
002443  1  20                   .byte $20
002444  1  20                   .byte $20
002445  1  58                   .byte $58
002446  1  58                   .byte $58
002447  1  58                   .byte $58
002448  1  58                   .byte $58
002449  1  58                   .byte $58
00244A  1  58                   .byte $58
00244B  1  58                   .byte $58
00244C  1  58                   .byte $58
00244D  1  58                   .byte $58
00244E  1  58                   .byte $58
00244F  1  58                   .byte $58
002450  1  58                   .byte $58
002451  1  20                   .byte $20
002452  1  20                   .byte $20
002453  1  20                   .byte $20
002454  1  20                   .byte $20
002455  1  20                   .byte $20
002456  1  20                   .byte $20
002457  1  58                   .byte $58
002458  1  58                   .byte $58
002459  1  58                   .byte $58
00245A  1  58                   .byte $58
00245B  1  58                   .byte $58
00245C  1  58                   .byte $58
00245D  1  58                   .byte $58
00245E  1  58                   .byte $58
00245F  1  58                   .byte $58
002460  1  58                   .byte $58
002461  1  58                   .byte $58
002462  1  58                   .byte $58
002463  1  58                   .byte $58
002464  1  58                   .byte $58
002465  1  0D                   .byte $0D
002466  1  0A                   .byte $0A
002467  1  20                   .byte $20
002468  1  58                   .byte $58
002469  1  58                   .byte $58
00246A  1  58                   .byte $58
00246B  1  58                   .byte $58
00246C  1  58                   .byte $58
00246D  1  20                   .byte $20
00246E  1  58                   .byte $58
00246F  1  58                   .byte $58
002470  1  58                   .byte $58
002471  1  58                   .byte $58
002472  1  58                   .byte $58
002473  1  20                   .byte $20
002474  1  58                   .byte $58
002475  1  58                   .byte $58
002476  1  58                   .byte $58
002477  1  58                   .byte $58
002478  1  58                   .byte $58
002479  1  20                   .byte $20
00247A  1  20                   .byte $20
00247B  1  20                   .byte $20
00247C  1  20                   .byte $20
00247D  1  58                   .byte $58
00247E  1  58                   .byte $58
00247F  1  58                   .byte $58
002480  1  58                   .byte $58
002481  1  58                   .byte $58
002482  1  58                   .byte $58
002483  1  58                   .byte $58
002484  1  58                   .byte $58
002485  1  58                   .byte $58
002486  1  58                   .byte $58
002487  1  58                   .byte $58
002488  1  58                   .byte $58
002489  1  58                   .byte $58
00248A  1  58                   .byte $58
00248B  1  20                   .byte $20
00248C  1  20                   .byte $20
00248D  1  20                   .byte $20
00248E  1  20                   .byte $20
00248F  1  58                   .byte $58
002490  1  58                   .byte $58
002491  1  58                   .byte $58
002492  1  58                   .byte $58
002493  1  58                   .byte $58
002494  1  58                   .byte $58
002495  1  58                   .byte $58
002496  1  58                   .byte $58
002497  1  58                   .byte $58
002498  1  58                   .byte $58
002499  1  58                   .byte $58
00249A  1  58                   .byte $58
00249B  1  58                   .byte $58
00249C  1  58                   .byte $58
00249D  1  58                   .byte $58
00249E  1  0D                   .byte $0D
00249F  1  0A                   .byte $0A
0024A0  1  20                   .byte $20
0024A1  1  58                   .byte $58
0024A2  1  58                   .byte $58
0024A3  1  58                   .byte $58
0024A4  1  58                   .byte $58
0024A5  1  58                   .byte $58
0024A6  1  20                   .byte $20
0024A7  1  58                   .byte $58
0024A8  1  58                   .byte $58
0024A9  1  58                   .byte $58
0024AA  1  58                   .byte $58
0024AB  1  58                   .byte $58
0024AC  1  20                   .byte $20
0024AD  1  58                   .byte $58
0024AE  1  58                   .byte $58
0024AF  1  58                   .byte $58
0024B0  1  58                   .byte $58
0024B1  1  58                   .byte $58
0024B2  1  20                   .byte $20
0024B3  1  20                   .byte $20
0024B4  1  20                   .byte $20
0024B5  1  58                   .byte $58
0024B6  1  58                   .byte $58
0024B7  1  58                   .byte $58
0024B8  1  58                   .byte $58
0024B9  1  58                   .byte $58
0024BA  1  58                   .byte $58
0024BB  1  58                   .byte $58
0024BC  1  58                   .byte $58
0024BD  1  58                   .byte $58
0024BE  1  58                   .byte $58
0024BF  1  58                   .byte $58
0024C0  1  58                   .byte $58
0024C1  1  58                   .byte $58
0024C2  1  58                   .byte $58
0024C3  1  58                   .byte $58
0024C4  1  58                   .byte $58
0024C5  1  0D                   .byte $0D
0024C6  1  0A                   .byte $0A
0024C7  1  20                   .byte $20
0024C8  1  58                   .byte $58
0024C9  1  58                   .byte $58
0024CA  1  58                   .byte $58
0024CB  1  58                   .byte $58
0024CC  1  58                   .byte $58
0024CD  1  20                   .byte $20
0024CE  1  58                   .byte $58
0024CF  1  58                   .byte $58
0024D0  1  58                   .byte $58
0024D1  1  58                   .byte $58
0024D2  1  58                   .byte $58
0024D3  1  20                   .byte $20
0024D4  1  58                   .byte $58
0024D5  1  58                   .byte $58
0024D6  1  58                   .byte $58
0024D7  1  58                   .byte $58
0024D8  1  58                   .byte $58
0024D9  1  20                   .byte $20
0024DA  1  20                   .byte $20
0024DB  1  58                   .byte $58
0024DC  1  58                   .byte $58
0024DD  1  58                   .byte $58
0024DE  1  58                   .byte $58
0024DF  1  58                   .byte $58
0024E0  1  58                   .byte $58
0024E1  1  58                   .byte $58
0024E2  1  58                   .byte $58
0024E3  1  58                   .byte $58
0024E4  1  58                   .byte $58
0024E5  1  58                   .byte $58
0024E6  1  58                   .byte $58
0024E7  1  58                   .byte $58
0024E8  1  58                   .byte $58
0024E9  1  58                   .byte $58
0024EA  1  58                   .byte $58
0024EB  1  58                   .byte $58
0024EC  1  58                   .byte $58
0024ED  1  20                   .byte $20
0024EE  1  20                   .byte $20
0024EF  1  58                   .byte $58
0024F0  1  58                   .byte $58
0024F1  1  58                   .byte $58
0024F2  1  58                   .byte $58
0024F3  1  58                   .byte $58
0024F4  1  58                   .byte $58
0024F5  1  58                   .byte $58
0024F6  1  58                   .byte $58
0024F7  1  58                   .byte $58
0024F8  1  58                   .byte $58
0024F9  1  58                   .byte $58
0024FA  1  58                   .byte $58
0024FB  1  58                   .byte $58
0024FC  1  58                   .byte $58
0024FD  1  58                   .byte $58
0024FE  1  0D                   .byte $0D
0024FF  1  0A                   .byte $0A
002500  1  20                   .byte $20
002501  1  58                   .byte $58
002502  1  58                   .byte $58
002503  1  58                   .byte $58
002504  1  58                   .byte $58
002505  1  58                   .byte $58
002506  1  20                   .byte $20
002507  1  58                   .byte $58
002508  1  58                   .byte $58
002509  1  58                   .byte $58
00250A  1  58                   .byte $58
00250B  1  58                   .byte $58
00250C  1  20                   .byte $20
00250D  1  58                   .byte $58
00250E  1  58                   .byte $58
00250F  1  58                   .byte $58
002510  1  58                   .byte $58
002511  1  58                   .byte $58
002512  1  20                   .byte $20
002513  1  20                   .byte $20
002514  1  58                   .byte $58
002515  1  58                   .byte $58
002516  1  58                   .byte $58
002517  1  58                   .byte $58
002518  1  58                   .byte $58
002519  1  58                   .byte $58
00251A  1  58                   .byte $58
00251B  1  58                   .byte $58
00251C  1  58                   .byte $58
00251D  1  58                   .byte $58
00251E  1  58                   .byte $58
00251F  1  58                   .byte $58
002520  1  58                   .byte $58
002521  1  58                   .byte $58
002522  1  58                   .byte $58
002523  1  58                   .byte $58
002524  1  58                   .byte $58
002525  1  58                   .byte $58
002526  1  20                   .byte $20
002527  1  20                   .byte $20
002528  1  58                   .byte $58
002529  1  58                   .byte $58
00252A  1  58                   .byte $58
00252B  1  58                   .byte $58
00252C  1  58                   .byte $58
00252D  1  58                   .byte $58
00252E  1  58                   .byte $58
00252F  1  58                   .byte $58
002530  1  58                   .byte $58
002531  1  58                   .byte $58
002532  1  58                   .byte $58
002533  1  58                   .byte $58
002534  1  58                   .byte $58
002535  1  58                   .byte $58
002536  1  58                   .byte $58
002537  1  0D                   .byte $0D
002538  1  0A                   .byte $0A
002539  1  20                   .byte $20
00253A  1  58                   .byte $58
00253B  1  58                   .byte $58
00253C  1  58                   .byte $58
00253D  1  58                   .byte $58
00253E  1  58                   .byte $58
00253F  1  20                   .byte $20
002540  1  58                   .byte $58
002541  1  58                   .byte $58
002542  1  58                   .byte $58
002543  1  58                   .byte $58
002544  1  58                   .byte $58
002545  1  20                   .byte $20
002546  1  58                   .byte $58
002547  1  58                   .byte $58
002548  1  58                   .byte $58
002549  1  58                   .byte $58
00254A  1  58                   .byte $58
00254B  1  20                   .byte $20
00254C  1  20                   .byte $20
00254D  1  58                   .byte $58
00254E  1  58                   .byte $58
00254F  1  58                   .byte $58
002550  1  58                   .byte $58
002551  1  58                   .byte $58
002552  1  58                   .byte $58
002553  1  58                   .byte $58
002554  1  58                   .byte $58
002555  1  58                   .byte $58
002556  1  58                   .byte $58
002557  1  58                   .byte $58
002558  1  58                   .byte $58
002559  1  58                   .byte $58
00255A  1  58                   .byte $58
00255B  1  58                   .byte $58
00255C  1  58                   .byte $58
00255D  1  58                   .byte $58
00255E  1  58                   .byte $58
00255F  1  20                   .byte $20
002560  1  20                   .byte $20
002561  1  58                   .byte $58
002562  1  58                   .byte $58
002563  1  58                   .byte $58
002564  1  58                   .byte $58
002565  1  58                   .byte $58
002566  1  58                   .byte $58
002567  1  58                   .byte $58
002568  1  58                   .byte $58
002569  1  58                   .byte $58
00256A  1  58                   .byte $58
00256B  1  58                   .byte $58
00256C  1  58                   .byte $58
00256D  1  58                   .byte $58
00256E  1  58                   .byte $58
00256F  1  58                   .byte $58
002570  1  0D                   .byte $0D
002571  1  0A                   .byte $0A
002572  1  20                   .byte $20
002573  1  58                   .byte $58
002574  1  58                   .byte $58
002575  1  58                   .byte $58
002576  1  58                   .byte $58
002577  1  58                   .byte $58
002578  1  20                   .byte $20
002579  1  58                   .byte $58
00257A  1  58                   .byte $58
00257B  1  58                   .byte $58
00257C  1  58                   .byte $58
00257D  1  58                   .byte $58
00257E  1  20                   .byte $20
00257F  1  58                   .byte $58
002580  1  58                   .byte $58
002581  1  58                   .byte $58
002582  1  58                   .byte $58
002583  1  58                   .byte $58
002584  1  20                   .byte $20
002585  1  20                   .byte $20
002586  1  20                   .byte $20
002587  1  58                   .byte $58
002588  1  58                   .byte $58
002589  1  58                   .byte $58
00258A  1  58                   .byte $58
00258B  1  58                   .byte $58
00258C  1  58                   .byte $58
00258D  1  58                   .byte $58
00258E  1  58                   .byte $58
00258F  1  58                   .byte $58
002590  1  58                   .byte $58
002591  1  58                   .byte $58
002592  1  58                   .byte $58
002593  1  58                   .byte $58
002594  1  58                   .byte $58
002595  1  58                   .byte $58
002596  1  58                   .byte $58
002597  1  0D                   .byte $0D
002598  1  0A                   .byte $0A
002599  1  20                   .byte $20
00259A  1  58                   .byte $58
00259B  1  58                   .byte $58
00259C  1  58                   .byte $58
00259D  1  58                   .byte $58
00259E  1  58                   .byte $58
00259F  1  20                   .byte $20
0025A0  1  58                   .byte $58
0025A1  1  58                   .byte $58
0025A2  1  58                   .byte $58
0025A3  1  58                   .byte $58
0025A4  1  58                   .byte $58
0025A5  1  20                   .byte $20
0025A6  1  58                   .byte $58
0025A7  1  58                   .byte $58
0025A8  1  58                   .byte $58
0025A9  1  58                   .byte $58
0025AA  1  58                   .byte $58
0025AB  1  20                   .byte $20
0025AC  1  20                   .byte $20
0025AD  1  20                   .byte $20
0025AE  1  20                   .byte $20
0025AF  1  58                   .byte $58
0025B0  1  58                   .byte $58
0025B1  1  58                   .byte $58
0025B2  1  58                   .byte $58
0025B3  1  58                   .byte $58
0025B4  1  58                   .byte $58
0025B5  1  58                   .byte $58
0025B6  1  58                   .byte $58
0025B7  1  58                   .byte $58
0025B8  1  58                   .byte $58
0025B9  1  58                   .byte $58
0025BA  1  58                   .byte $58
0025BB  1  58                   .byte $58
0025BC  1  58                   .byte $58
0025BD  1  20                   .byte $20
0025BE  1  20                   .byte $20
0025BF  1  20                   .byte $20
0025C0  1  20                   .byte $20
0025C1  1  58                   .byte $58
0025C2  1  58                   .byte $58
0025C3  1  58                   .byte $58
0025C4  1  58                   .byte $58
0025C5  1  58                   .byte $58
0025C6  1  58                   .byte $58
0025C7  1  58                   .byte $58
0025C8  1  58                   .byte $58
0025C9  1  58                   .byte $58
0025CA  1  58                   .byte $58
0025CB  1  58                   .byte $58
0025CC  1  58                   .byte $58
0025CD  1  58                   .byte $58
0025CE  1  58                   .byte $58
0025CF  1  58                   .byte $58
0025D0  1  0D                   .byte $0D
0025D1  1  0A                   .byte $0A
0025D2  1  20                   .byte $20
0025D3  1  58                   .byte $58
0025D4  1  58                   .byte $58
0025D5  1  58                   .byte $58
0025D6  1  58                   .byte $58
0025D7  1  58                   .byte $58
0025D8  1  20                   .byte $20
0025D9  1  58                   .byte $58
0025DA  1  58                   .byte $58
0025DB  1  58                   .byte $58
0025DC  1  58                   .byte $58
0025DD  1  58                   .byte $58
0025DE  1  20                   .byte $20
0025DF  1  58                   .byte $58
0025E0  1  58                   .byte $58
0025E1  1  58                   .byte $58
0025E2  1  58                   .byte $58
0025E3  1  58                   .byte $58
0025E4  1  20                   .byte $20
0025E5  1  20                   .byte $20
0025E6  1  20                   .byte $20
0025E7  1  20                   .byte $20
0025E8  1  20                   .byte $20
0025E9  1  58                   .byte $58
0025EA  1  58                   .byte $58
0025EB  1  58                   .byte $58
0025EC  1  58                   .byte $58
0025ED  1  58                   .byte $58
0025EE  1  58                   .byte $58
0025EF  1  58                   .byte $58
0025F0  1  58                   .byte $58
0025F1  1  58                   .byte $58
0025F2  1  58                   .byte $58
0025F3  1  58                   .byte $58
0025F4  1  58                   .byte $58
0025F5  1  20                   .byte $20
0025F6  1  20                   .byte $20
0025F7  1  20                   .byte $20
0025F8  1  20                   .byte $20
0025F9  1  20                   .byte $20
0025FA  1  58                   .byte $58
0025FB  1  58                   .byte $58
0025FC  1  58                   .byte $58
0025FD  1  58                   .byte $58
0025FE  1  58                   .byte $58
0025FF  1  58                   .byte $58
002600  1  58                   .byte $58
002601  1  58                   .byte $58
002602  1  58                   .byte $58
002603  1  58                   .byte $58
002604  1  58                   .byte $58
002605  1  58                   .byte $58
002606  1  58                   .byte $58
002607  1  58                   .byte $58
002608  1  0D                   .byte $0D
002609  1  0A                   .byte $0A
00260A  1  20                   .byte $20
00260B  1  58                   .byte $58
00260C  1  58                   .byte $58
00260D  1  58                   .byte $58
00260E  1  58                   .byte $58
00260F  1  58                   .byte $58
002610  1  20                   .byte $20
002611  1  58                   .byte $58
002612  1  58                   .byte $58
002613  1  58                   .byte $58
002614  1  58                   .byte $58
002615  1  58                   .byte $58
002616  1  20                   .byte $20
002617  1  58                   .byte $58
002618  1  58                   .byte $58
002619  1  58                   .byte $58
00261A  1  58                   .byte $58
00261B  1  58                   .byte $58
00261C  1  20                   .byte $20
00261D  1  20                   .byte $20
00261E  1  20                   .byte $20
00261F  1  20                   .byte $20
002620  1  20                   .byte $20
002621  1  20                   .byte $20
002622  1  20                   .byte $20
002623  1  20                   .byte $20
002624  1  58                   .byte $58
002625  1  58                   .byte $58
002626  1  58                   .byte $58
002627  1  58                   .byte $58
002628  1  58                   .byte $58
002629  1  58                   .byte $58
00262A  1  20                   .byte $20
00262B  1  20                   .byte $20
00262C  1  20                   .byte $20
00262D  1  20                   .byte $20
00262E  1  20                   .byte $20
00262F  1  20                   .byte $20
002630  1  20                   .byte $20
002631  1  20                   .byte $20
002632  1  58                   .byte $58
002633  1  58                   .byte $58
002634  1  58                   .byte $58
002635  1  58                   .byte $58
002636  1  58                   .byte $58
002637  1  58                   .byte $58
002638  1  58                   .byte $58
002639  1  58                   .byte $58
00263A  1  58                   .byte $58
00263B  1  58                   .byte $58
00263C  1  58                   .byte $58
00263D  1  58                   .byte $58
00263E  1  0D                   .byte $0D
00263F  1  0A                   .byte $0A
002640  1  0D                   .byte $0D
002641  1  0A                   .byte $0A
002642  1  0D                   .byte $0D
002643  1  0A                   .byte $0A
002644  1  0D                   .byte $0D
002645  1  0A                   .byte $0A
002646  1  58                   .byte $58
002647  1  58                   .byte $58
002648  1  58                   .byte $58
002649  1  58                   .byte $58
00264A  1  20                   .byte $20
00264B  1  20                   .byte $20
00264C  1  20                   .byte $20
00264D  1  58                   .byte $58
00264E  1  58                   .byte $58
00264F  1  58                   .byte $58
002650  1  58                   .byte $58
002651  1  20                   .byte $20
002652  1  20                   .byte $20
002653  1  20                   .byte $20
002654  1  58                   .byte $58
002655  1  58                   .byte $58
002656  1  58                   .byte $58
002657  1  58                   .byte $58
002658  1  20                   .byte $20
002659  1  20                   .byte $20
00265A  1  58                   .byte $58
00265B  1  58                   .byte $58
00265C  1  58                   .byte $58
00265D  1  58                   .byte $58
00265E  1  20                   .byte $20
00265F  1  20                   .byte $20
002660  1  20                   .byte $20
002661  1  20                   .byte $20
002662  1  20                   .byte $20
002663  1  20                   .byte $20
002664  1  20                   .byte $20
002665  1  20                   .byte $20
002666  1  20                   .byte $20
002667  1  20                   .byte $20
002668  1  58                   .byte $58
002669  1  58                   .byte $58
00266A  1  58                   .byte $58
00266B  1  58                   .byte $58
00266C  1  20                   .byte $20
00266D  1  20                   .byte $20
00266E  1  20                   .byte $20
00266F  1  20                   .byte $20
002670  1  20                   .byte $20
002671  1  20                   .byte $20
002672  1  20                   .byte $20
002673  1  20                   .byte $20
002674  1  20                   .byte $20
002675  1  20                   .byte $20
002676  1  58                   .byte $58
002677  1  58                   .byte $58
002678  1  58                   .byte $58
002679  1  58                   .byte $58
00267A  1  58                   .byte $58
00267B  1  58                   .byte $58
00267C  1  58                   .byte $58
00267D  1  58                   .byte $58
00267E  1  0D                   .byte $0D
00267F  1  0A                   .byte $0A
002680  1  58                   .byte $58
002681  1  58                   .byte $58
002682  1  58                   .byte $58
002683  1  58                   .byte $58
002684  1  20                   .byte $20
002685  1  20                   .byte $20
002686  1  58                   .byte $58
002687  1  58                   .byte $58
002688  1  58                   .byte $58
002689  1  58                   .byte $58
00268A  1  20                   .byte $20
00268B  1  20                   .byte $20
00268C  1  20                   .byte $20
00268D  1  20                   .byte $20
00268E  1  58                   .byte $58
00268F  1  58                   .byte $58
002690  1  58                   .byte $58
002691  1  58                   .byte $58
002692  1  20                   .byte $20
002693  1  20                   .byte $20
002694  1  58                   .byte $58
002695  1  58                   .byte $58
002696  1  58                   .byte $58
002697  1  58                   .byte $58
002698  1  58                   .byte $58
002699  1  58                   .byte $58
00269A  1  20                   .byte $20
00269B  1  20                   .byte $20
00269C  1  20                   .byte $20
00269D  1  20                   .byte $20
00269E  1  20                   .byte $20
00269F  1  20                   .byte $20
0026A0  1  58                   .byte $58
0026A1  1  58                   .byte $58
0026A2  1  58                   .byte $58
0026A3  1  58                   .byte $58
0026A4  1  58                   .byte $58
0026A5  1  58                   .byte $58
0026A6  1  20                   .byte $20
0026A7  1  20                   .byte $20
0026A8  1  20                   .byte $20
0026A9  1  20                   .byte $20
0026AA  1  20                   .byte $20
0026AB  1  20                   .byte $20
0026AC  1  20                   .byte $20
0026AD  1  20                   .byte $20
0026AE  1  20                   .byte $20
0026AF  1  20                   .byte $20
0026B0  1  58                   .byte $58
0026B1  1  58                   .byte $58
0026B2  1  58                   .byte $58
0026B3  1  58                   .byte $58
0026B4  1  58                   .byte $58
0026B5  1  58                   .byte $58
0026B6  1  58                   .byte $58
0026B7  1  58                   .byte $58
0026B8  1  0D                   .byte $0D
0026B9  1  0A                   .byte $0A
0026BA  1  58                   .byte $58
0026BB  1  58                   .byte $58
0026BC  1  58                   .byte $58
0026BD  1  58                   .byte $58
0026BE  1  20                   .byte $20
0026BF  1  58                   .byte $58
0026C0  1  58                   .byte $58
0026C1  1  58                   .byte $58
0026C2  1  58                   .byte $58
0026C3  1  20                   .byte $20
0026C4  1  20                   .byte $20
0026C5  1  20                   .byte $20
0026C6  1  20                   .byte $20
0026C7  1  20                   .byte $20
0026C8  1  58                   .byte $58
0026C9  1  58                   .byte $58
0026CA  1  58                   .byte $58
0026CB  1  58                   .byte $58
0026CC  1  20                   .byte $20
0026CD  1  20                   .byte $20
0026CE  1  58                   .byte $58
0026CF  1  58                   .byte $58
0026D0  1  58                   .byte $58
0026D1  1  58                   .byte $58
0026D2  1  58                   .byte $58
0026D3  1  58                   .byte $58
0026D4  1  58                   .byte $58
0026D5  1  20                   .byte $20
0026D6  1  20                   .byte $20
0026D7  1  20                   .byte $20
0026D8  1  20                   .byte $20
0026D9  1  58                   .byte $58
0026DA  1  58                   .byte $58
0026DB  1  58                   .byte $58
0026DC  1  58                   .byte $58
0026DD  1  58                   .byte $58
0026DE  1  58                   .byte $58
0026DF  1  58                   .byte $58
0026E0  1  20                   .byte $20
0026E1  1  20                   .byte $20
0026E2  1  20                   .byte $20
0026E3  1  20                   .byte $20
0026E4  1  20                   .byte $20
0026E5  1  20                   .byte $20
0026E6  1  20                   .byte $20
0026E7  1  20                   .byte $20
0026E8  1  20                   .byte $20
0026E9  1  20                   .byte $20
0026EA  1  20                   .byte $20
0026EB  1  20                   .byte $20
0026EC  1  58                   .byte $58
0026ED  1  58                   .byte $58
0026EE  1  58                   .byte $58
0026EF  1  58                   .byte $58
0026F0  1  0D                   .byte $0D
0026F1  1  0A                   .byte $0A
0026F2  1  58                   .byte $58
0026F3  1  58                   .byte $58
0026F4  1  58                   .byte $58
0026F5  1  58                   .byte $58
0026F6  1  58                   .byte $58
0026F7  1  58                   .byte $58
0026F8  1  58                   .byte $58
0026F9  1  58                   .byte $58
0026FA  1  20                   .byte $20
0026FB  1  20                   .byte $20
0026FC  1  20                   .byte $20
0026FD  1  20                   .byte $20
0026FE  1  20                   .byte $20
0026FF  1  20                   .byte $20
002700  1  58                   .byte $58
002701  1  58                   .byte $58
002702  1  58                   .byte $58
002703  1  58                   .byte $58
002704  1  20                   .byte $20
002705  1  20                   .byte $20
002706  1  58                   .byte $58
002707  1  58                   .byte $58
002708  1  58                   .byte $58
002709  1  58                   .byte $58
00270A  1  20                   .byte $20
00270B  1  58                   .byte $58
00270C  1  58                   .byte $58
00270D  1  58                   .byte $58
00270E  1  20                   .byte $20
00270F  1  20                   .byte $20
002710  1  58                   .byte $58
002711  1  58                   .byte $58
002712  1  58                   .byte $58
002713  1  20                   .byte $20
002714  1  58                   .byte $58
002715  1  58                   .byte $58
002716  1  58                   .byte $58
002717  1  58                   .byte $58
002718  1  20                   .byte $20
002719  1  20                   .byte $20
00271A  1  58                   .byte $58
00271B  1  58                   .byte $58
00271C  1  58                   .byte $58
00271D  1  58                   .byte $58
00271E  1  58                   .byte $58
00271F  1  58                   .byte $58
002720  1  20                   .byte $20
002721  1  20                   .byte $20
002722  1  20                   .byte $20
002723  1  20                   .byte $20
002724  1  58                   .byte $58
002725  1  58                   .byte $58
002726  1  58                   .byte $58
002727  1  58                   .byte $58
002728  1  0D                   .byte $0D
002729  1  0A                   .byte $0A
00272A  1  58                   .byte $58
00272B  1  58                   .byte $58
00272C  1  58                   .byte $58
00272D  1  58                   .byte $58
00272E  1  58                   .byte $58
00272F  1  58                   .byte $58
002730  1  58                   .byte $58
002731  1  58                   .byte $58
002732  1  20                   .byte $20
002733  1  20                   .byte $20
002734  1  20                   .byte $20
002735  1  20                   .byte $20
002736  1  20                   .byte $20
002737  1  20                   .byte $20
002738  1  58                   .byte $58
002739  1  58                   .byte $58
00273A  1  58                   .byte $58
00273B  1  58                   .byte $58
00273C  1  20                   .byte $20
00273D  1  20                   .byte $20
00273E  1  58                   .byte $58
00273F  1  58                   .byte $58
002740  1  58                   .byte $58
002741  1  58                   .byte $58
002742  1  20                   .byte $20
002743  1  58                   .byte $58
002744  1  58                   .byte $58
002745  1  58                   .byte $58
002746  1  20                   .byte $20
002747  1  20                   .byte $20
002748  1  58                   .byte $58
002749  1  58                   .byte $58
00274A  1  58                   .byte $58
00274B  1  20                   .byte $20
00274C  1  58                   .byte $58
00274D  1  58                   .byte $58
00274E  1  58                   .byte $58
00274F  1  58                   .byte $58
002750  1  20                   .byte $20
002751  1  20                   .byte $20
002752  1  58                   .byte $58
002753  1  58                   .byte $58
002754  1  58                   .byte $58
002755  1  58                   .byte $58
002756  1  58                   .byte $58
002757  1  58                   .byte $58
002758  1  20                   .byte $20
002759  1  20                   .byte $20
00275A  1  20                   .byte $20
00275B  1  20                   .byte $20
00275C  1  58                   .byte $58
00275D  1  58                   .byte $58
00275E  1  58                   .byte $58
00275F  1  58                   .byte $58
002760  1  0D                   .byte $0D
002761  1  0A                   .byte $0A
002762  1  58                   .byte $58
002763  1  58                   .byte $58
002764  1  58                   .byte $58
002765  1  58                   .byte $58
002766  1  20                   .byte $20
002767  1  58                   .byte $58
002768  1  58                   .byte $58
002769  1  58                   .byte $58
00276A  1  58                   .byte $58
00276B  1  20                   .byte $20
00276C  1  20                   .byte $20
00276D  1  20                   .byte $20
00276E  1  20                   .byte $20
00276F  1  20                   .byte $20
002770  1  58                   .byte $58
002771  1  58                   .byte $58
002772  1  58                   .byte $58
002773  1  58                   .byte $58
002774  1  20                   .byte $20
002775  1  20                   .byte $20
002776  1  58                   .byte $58
002777  1  58                   .byte $58
002778  1  58                   .byte $58
002779  1  58                   .byte $58
00277A  1  20                   .byte $20
00277B  1  20                   .byte $20
00277C  1  58                   .byte $58
00277D  1  58                   .byte $58
00277E  1  58                   .byte $58
00277F  1  58                   .byte $58
002780  1  58                   .byte $58
002781  1  58                   .byte $58
002782  1  20                   .byte $20
002783  1  20                   .byte $20
002784  1  58                   .byte $58
002785  1  58                   .byte $58
002786  1  58                   .byte $58
002787  1  58                   .byte $58
002788  1  20                   .byte $20
002789  1  20                   .byte $20
00278A  1  20                   .byte $20
00278B  1  20                   .byte $20
00278C  1  20                   .byte $20
00278D  1  20                   .byte $20
00278E  1  20                   .byte $20
00278F  1  20                   .byte $20
002790  1  20                   .byte $20
002791  1  20                   .byte $20
002792  1  20                   .byte $20
002793  1  20                   .byte $20
002794  1  58                   .byte $58
002795  1  58                   .byte $58
002796  1  58                   .byte $58
002797  1  58                   .byte $58
002798  1  0D                   .byte $0D
002799  1  0A                   .byte $0A
00279A  1  58                   .byte $58
00279B  1  58                   .byte $58
00279C  1  58                   .byte $58
00279D  1  58                   .byte $58
00279E  1  20                   .byte $20
00279F  1  20                   .byte $20
0027A0  1  58                   .byte $58
0027A1  1  58                   .byte $58
0027A2  1  58                   .byte $58
0027A3  1  58                   .byte $58
0027A4  1  20                   .byte $20
0027A5  1  20                   .byte $20
0027A6  1  20                   .byte $20
0027A7  1  20                   .byte $20
0027A8  1  58                   .byte $58
0027A9  1  58                   .byte $58
0027AA  1  58                   .byte $58
0027AB  1  58                   .byte $58
0027AC  1  20                   .byte $20
0027AD  1  20                   .byte $20
0027AE  1  58                   .byte $58
0027AF  1  58                   .byte $58
0027B0  1  58                   .byte $58
0027B1  1  58                   .byte $58
0027B2  1  20                   .byte $20
0027B3  1  20                   .byte $20
0027B4  1  58                   .byte $58
0027B5  1  58                   .byte $58
0027B6  1  58                   .byte $58
0027B7  1  58                   .byte $58
0027B8  1  58                   .byte $58
0027B9  1  58                   .byte $58
0027BA  1  20                   .byte $20
0027BB  1  20                   .byte $20
0027BC  1  58                   .byte $58
0027BD  1  58                   .byte $58
0027BE  1  58                   .byte $58
0027BF  1  58                   .byte $58
0027C0  1  20                   .byte $20
0027C1  1  20                   .byte $20
0027C2  1  20                   .byte $20
0027C3  1  20                   .byte $20
0027C4  1  20                   .byte $20
0027C5  1  20                   .byte $20
0027C6  1  20                   .byte $20
0027C7  1  20                   .byte $20
0027C8  1  20                   .byte $20
0027C9  1  20                   .byte $20
0027CA  1  20                   .byte $20
0027CB  1  20                   .byte $20
0027CC  1  58                   .byte $58
0027CD  1  58                   .byte $58
0027CE  1  58                   .byte $58
0027CF  1  58                   .byte $58
0027D0  1  0D                   .byte $0D
0027D1  1  0A                   .byte $0A
0027D2  1  58                   .byte $58
0027D3  1  58                   .byte $58
0027D4  1  58                   .byte $58
0027D5  1  58                   .byte $58
0027D6  1  20                   .byte $20
0027D7  1  20                   .byte $20
0027D8  1  20                   .byte $20
0027D9  1  58                   .byte $58
0027DA  1  58                   .byte $58
0027DB  1  58                   .byte $58
0027DC  1  58                   .byte $58
0027DD  1  20                   .byte $20
0027DE  1  20                   .byte $20
0027DF  1  20                   .byte $20
0027E0  1  58                   .byte $58
0027E1  1  58                   .byte $58
0027E2  1  58                   .byte $58
0027E3  1  58                   .byte $58
0027E4  1  20                   .byte $20
0027E5  1  20                   .byte $20
0027E6  1  58                   .byte $58
0027E7  1  58                   .byte $58
0027E8  1  58                   .byte $58
0027E9  1  58                   .byte $58
0027EA  1  20                   .byte $20
0027EB  1  20                   .byte $20
0027EC  1  20                   .byte $20
0027ED  1  58                   .byte $58
0027EE  1  58                   .byte $58
0027EF  1  58                   .byte $58
0027F0  1  58                   .byte $58
0027F1  1  20                   .byte $20
0027F2  1  20                   .byte $20
0027F3  1  20                   .byte $20
0027F4  1  58                   .byte $58
0027F5  1  58                   .byte $58
0027F6  1  58                   .byte $58
0027F7  1  58                   .byte $58
0027F8  1  20                   .byte $20
0027F9  1  20                   .byte $20
0027FA  1  20                   .byte $20
0027FB  1  20                   .byte $20
0027FC  1  20                   .byte $20
0027FD  1  20                   .byte $20
0027FE  1  20                   .byte $20
0027FF  1  20                   .byte $20
002800  1  20                   .byte $20
002801  1  20                   .byte $20
002802  1  58                   .byte $58
002803  1  58                   .byte $58
002804  1  58                   .byte $58
002805  1  58                   .byte $58
002806  1  58                   .byte $58
002807  1  58                   .byte $58
002808  1  58                   .byte $58
002809  1  58                   .byte $58
00280A  1  0D                   .byte $0D
00280B  1  0A                   .byte $0A
00280C  1  58                   .byte $58
00280D  1  58                   .byte $58
00280E  1  58                   .byte $58
00280F  1  58                   .byte $58
002810  1  20                   .byte $20
002811  1  20                   .byte $20
002812  1  20                   .byte $20
002813  1  20                   .byte $20
002814  1  58                   .byte $58
002815  1  58                   .byte $58
002816  1  58                   .byte $58
002817  1  58                   .byte $58
002818  1  20                   .byte $20
002819  1  20                   .byte $20
00281A  1  58                   .byte $58
00281B  1  58                   .byte $58
00281C  1  58                   .byte $58
00281D  1  58                   .byte $58
00281E  1  20                   .byte $20
00281F  1  20                   .byte $20
002820  1  58                   .byte $58
002821  1  58                   .byte $58
002822  1  58                   .byte $58
002823  1  58                   .byte $58
002824  1  20                   .byte $20
002825  1  20                   .byte $20
002826  1  20                   .byte $20
002827  1  58                   .byte $58
002828  1  58                   .byte $58
002829  1  58                   .byte $58
00282A  1  58                   .byte $58
00282B  1  20                   .byte $20
00282C  1  20                   .byte $20
00282D  1  20                   .byte $20
00282E  1  58                   .byte $58
00282F  1  58                   .byte $58
002830  1  58                   .byte $58
002831  1  58                   .byte $58
002832  1  20                   .byte $20
002833  1  20                   .byte $20
002834  1  20                   .byte $20
002835  1  20                   .byte $20
002836  1  20                   .byte $20
002837  1  20                   .byte $20
002838  1  20                   .byte $20
002839  1  20                   .byte $20
00283A  1  20                   .byte $20
00283B  1  20                   .byte $20
00283C  1  58                   .byte $58
00283D  1  58                   .byte $58
00283E  1  58                   .byte $58
00283F  1  58                   .byte $58
002840  1  58                   .byte $58
002841  1  58                   .byte $58
002842  1  58                   .byte $58
002843  1  58                   .byte $58
002844  1  0D                   .byte $0D
002845  1  0A                   .byte $0A
002846  1  00           		.byte $00
002847  1               
002847  1               GREET:
002847  1  1B 5B 32 4A  		.BYTE $1B, "[2J"        ; Clear screen
00284B  1  1B 5B 35 3B  		.BYTE $1B, "[5;10H"
00284F  1  31 30 48     
002852  1  1B 5B 33 36          .BYTE $1B, "[36m"
002856  1  6D           
002857  1  67 72 65 65          .BYTE "greetings to:"
00285B  1  74 69 6E 67  
00285F  1  73 20 74 6F  
002864  1  1B 5B 33 37          .BYTE $1B, "[37m"
002868  1  6D           
002869  1  1B 5B 36 3B  		.BYTE $1B, "[6;11H"
00286D  1  31 31 48     
002870  1  48 61 6E 73  		.BYTE "Hans O"
002874  1  20 4F        
002876  1  1B 5B 37 3B  		.BYTE $1B, "[7;12H"
00287A  1  31 32 48     
00287D  1  4A 6F 68 6E  		.BYTE "John K"
002881  1  20 4B        
002883  1  1B 5B 38 3B  		.BYTE $1B, "[8;13H"
002887  1  31 33 48     
00288A  1  4C 69 75 20  		.BYTE "Liu G"
00288E  1  47           
00288F  1  1B 5B 39 3B  		.BYTE $1B, "[9;14H"
002893  1  31 34 48     
002896  1  44 61 76 65  		.BYTE "Dave H"
00289A  1  20 48        
00289C  1  1B 5B 31 30  		.BYTE $1B, "[10;15H"
0028A0  1  3B 31 35 48  
0028A4  1  45 64 75 61  		.BYTE "Eduardo C"
0028A8  1  72 64 6F 20  
0028AC  1  43           
0028AD  1  1B 5B 31 31  		.BYTE $1B, "[11;16H"
0028B1  1  3B 31 36 48  
0028B5  1  52 6F 6E 6E  		.BYTE "Ronny"
0028B9  1  79           
0028BA  1  1B 5B 31 32  		.BYTE $1B, "[12;17H"
0028BE  1  3B 31 37 48  
0028C2  1  4D 69 63 68  		.BYTE "Michael D"
0028C6  1  61 65 6C 20  
0028CA  1  44           
0028CB  1  1B 5B 31 33  		.BYTE $1B, "[13;18H"
0028CF  1  3B 31 38 48  
0028D3  1  43 2E 49 2E  		.BYTE "C.I.H.S (Dave)"
0028D7  1  48 2E 53 20  
0028DB  1  28 44 61 76  
0028E1  1  1B 5B 31 34  		.BYTE $1B, "[14;19H"
0028E5  1  3B 31 39 48  
0028E9  1  4A 69 6D 20  		.BYTE "Jim "
0028ED  1  1B 5B 31 37  		.BYTE $1B, "[17;10H"
0028F1  1  3B 31 30 48  
0028F5  1  52 75 75 64  		.BYTE "Ruud B, Cameron K, Bob L, HJM, Ryan R, Carl M and all the rest I forgot."
0028F9  1  20 42 2C 20  
0028FD  1  43 61 6D 65  
00293D  1  1B 5B 31 39  		.BYTE $1B, "[19;10H"
002941  1  3B 31 30 48  
002945  1  1B 5B 33 36  		.BYTE $1B, "[36m"
002949  1  6D           
00294A  1  50 72 65 73  		.BYTE "Press Space"
00294E  1  73 20 53 70  
002952  1  61 63 65     
002955  1  1B 5B 33 37  		.BYTE $1B, "[37m"
002959  1  6D           
00295A  1  00           	    .BYTE $00               ; String-Terminator
00295B  1               .END
